[7oroof.com/tfdemos/trevox/shop/index.html]
[backblue.gif]
[fade.gif]
[index.html]
[7oroof.com/tfdemos/trevox/wp-content/plugins/contact-form-7/includes/css/styles7404.css]
[7oroof.com/tfdemos/trevox/shop/feed/index.html]
[7oroof.com/tfdemos/trevox/wp-content/plugins/elementor/assets/lib/font-awesome/css/font-awesome1849.css]
[7oroof.com/tfdemos/trevox/wp-content/plugins/woo-smart-quick-view/assets/libs/slick/slick380f.css]
[7oroof.com/tfdemos/trevox/wp-content/plugins/woo-smart-quick-view/assets/libs/perfect-scrollbar/css/perfect-scrollbar.min380f.css]
[7oroof.com/tfdemos/trevox/wp-content/plugins/woo-smart-quick-view/assets/libs/perfect-scrollbar/css/custom-theme380f.css]
[7oroof.com/tfdemos/trevox/wp-content/plugins/woo-smart-quick-view/assets/libs/magnific-popup/magnific-popup380f.css]
[7oroof.com/tfdemos/trevox/wp-content/plugins/woo-smart-quick-view/assets/libs/feather/feather380f.css]
[7oroof.com/tfdemos/trevox/wp-content/plugins/woo-smart-wishlist/assets/css/icons341d.css]
[7oroof.com/tfdemos/trevox/wp-content/plugins/wpc-badge-management-premium/assets/css/hint380f.css]
[7oroof.com/tfdemos/trevox/wp-content/plugins/wpc-badge-management-premium/assets/css/stylea305.css]
[7oroof.com/tfdemos/trevox/wp-content/plugins/wpc-countdown-timer/assets/libs/flipper/style7c45.css]
[7oroof.com/tfdemos/trevox/wp-content/plugins/wpc-countdown-timer/assets/css/frontend7c45.css]
[7oroof.com/tfdemos/trevox/wp-content/plugins/wpc-product-size-chart/assets/css/frontende1fc.css]
[7oroof.com/tfdemos/trevox/wp-content/plugins/wpc-variation-swatches/assets/css/frontendfa0c.css]
[7oroof.com/tfdemos/trevox/wp-content/uploads/elementor/css/custom-frontendd52d.css]
[7oroof.com/tfdemos/trevox/wp-content/themes/trevox/assets/css/themef269.css]
[7oroof.com/tfdemos/trevox/wp-content/themes/trevox/assets/fonts/font-cmsi/stylef269.css]
[7oroof.com/tfdemos/trevox/wp-content/themes/trevox/assets/fonts/font-theme/stylef269.css]
[7oroof.com/tfdemos/trevox/wp-content/plugins/wpc-smart-messages/assets/libs/simple-text-rotator/simpletextrotator380f.css]
[7oroof.com/tfdemos/trevox/wp-includes/js/jquery/jqueryf43b.js]
[7oroof.com/tfdemos/trevox/wp-includes/js/jquery/jquery-migrate5589.js]
[7oroof.com/tfdemos/trevox/wp-content/plugins/csh-login/assets/js/jquery.validate380f.js]
[7oroof.com/tfdemos/trevox/wp-content/plugins/csh-login/assets/js/widget-script380f.js]
[7oroof.com/tfdemos/trevox/wp-content/plugins/elementor-theme-core/assets/js/main8a54.js]
[7oroof.com/tfdemos/trevox/wp-content/plugins/woocommerce/assets/js/jquery-blockui/jquery.blockUIc854.js]
[7oroof.com/tfdemos/trevox/wp-content/plugins/woocommerce/assets/js/frontend/add-to-cartc484.js]
[7oroof.com/tfdemos/trevox/wp-content/plugins/woocommerce/assets/js/js-cookie/js.cookie8730.js]
[7oroof.com/tfdemos/trevox/wp-content/plugins/woocommerce/assets/js/frontend/woocommercec484.js]
[7oroof.com/tfdemos/trevox/wp-content/plugins/translatepress-multilingual/assets/js/trp-frontend-compatibility206d.js]
[7oroof.com/tfdemos/trevox/wp-includes/js/underscore.mind584.js]
[7oroof.com/tfdemos/trevox/wp-includes/js/wp-util380f.js]
[7oroof.com/tfdemos/trevox/wp-content/plugins/wpc-variation-swatches/assets/libs/tippy/popper.minfa0c.js]
[7oroof.com/tfdemos/trevox/wp-content/plugins/wpc-variation-swatches/assets/libs/tippy/tippy-bundle.umd.minfa0c.js]
[7oroof.com/tfdemos/trevox/wp-content/uploads/cropped-logo-mobile-32x32.png]
[7oroof.com/tfdemos/trevox/wp-content/uploads/cropped-logo-mobile-192x192.png]
[7oroof.com/tfdemos/trevox/wp-content/uploads/cropped-logo-mobile-180x180.png]
[7oroof.com/tfdemos/trevox/wp-content/themes/trevox/assets/images/logo/logo.png]
[7oroof.com/tfdemos/trevox/wp-content/themes/trevox/assets/images/language-flags/ar.png]
[7oroof.com/tfdemos/trevox/wp-content/uploads/elementor/thumbs/Visa-Card-qme23iyt1gubsuzutnl8pf5r9q1mhi2c0ug5ij029c.png]
[7oroof.com/tfdemos/trevox/shop/two-columns/index.html]
[7oroof.com/tfdemos/trevox/wp-content/uploads/elementor/thumbs/Master-Card-qme23iyt1gubsuzutnl8pf5r9q1mhi2c0ug5ij029c.png]
[7oroof.com/tfdemos/trevox/shop/four-columns/index.html]
[7oroof.com/tfdemos/trevox/shop/three-columns-wide/index.html]
[7oroof.com/tfdemos/trevox/shop/three-columns/index.html]
[7oroof.com/tfdemos/trevox/wp-content/uploads/elementor/thumbs/American-Express-qme23iyt1gubsuzutnl8pf5r9q1mhi2c0ug5ij029c.png]
[7oroof.com/tfdemos/trevox/shop/four-columns-wide/index.html]
[7oroof.com/tfdemos/trevox/wp-content/uploads/elementor/thumbs/Dinner-Club-qme23iyt1gubsuzutnl8pf5r9q1mhi2c0ug5ij029c.png]
[7oroof.com/tfdemos/trevox/shop/five-columns-wide/index.html]
[7oroof.com/tfdemos/trevox/shop/six-columns-wide/index.html]
[7oroof.com/tfdemos/trevox/wp-content/uploads/elementor/thumbs/Discover-qme23iyt1gubsuzutnl8pf5r9q1mhi2c0ug5ij029c.png]
[7oroof.com/tfdemos/trevox/shop/my-account/index.html]
[www.google.com/recaptcha/api.js]
[7oroof.com/tfdemos/trevox/wp-content/plugins/woocommerce/assets/client/blocks/wc-blocks6333.css]
[7oroof.com/tfdemos/trevox/shop/cart/index.html]
[7oroof.com/tfdemos/trevox/shop/order-tracking/index.html]
[7oroof.com/tfdemos/trevox/wp-content/plugins/woocommerce-currency-switcher/css/front8fa9.css]
[7oroof.com/tfdemos/trevox/wp-content/uploads/elementor/css/post-1428853.css]
[7oroof.com/tfdemos/trevox/shop/indexf754.html]
[7oroof.com/tfdemos/trevox/wp-content/uploads/elementor/css/post-6138853.css]
[7oroof.com/tfdemos/trevox/wp-content/uploads/elementor/css/post-6178853.css]
[7oroof.com/tfdemos/trevox/shop/indexaf03.html]
[7oroof.com/tfdemos/trevox/wp-content/uploads/elementor/css/post-622dfe7.css]
[7oroof.com/tfdemos/trevox/shop/index700a.html]
[7oroof.com/tfdemos/trevox/shop/indexf4d9.html]
[7oroof.com/tfdemos/trevox/wp-content/uploads/elementor/css/post-52960a.css]
[7oroof.com/tfdemos/trevox/shop/indexee06.html]
[7oroof.com/tfdemos/trevox/shop/index4697.html]
[7oroof.com/tfdemos/trevox/wp-content/plugins/elementor/assets/lib/swiper/v8/css/swiper94a4.css]
[7oroof.com/tfdemos/trevox/shop/indexbc13.html]
[7oroof.com/tfdemos/trevox/shop/index84f3.html]
[7oroof.com/tfdemos/trevox/wp-content/uploads/elementor/css/post-8d52d.css]
[7oroof.com/tfdemos/trevox/shop/indexfaa8.html]
[7oroof.com/tfdemos/trevox/wp-content/plugins/elementor/assets/lib/animations/animations.min1f75.css]
[7oroof.com/tfdemos/trevox/wp-content/plugins/contact-form-7/includes/swv/js/index7404.js]
[7oroof.com/tfdemos/trevox/wp-content/plugins/contact-form-7/includes/js/index7404.js]
[7oroof.com/tfdemos/trevox/shop/index455f.html]
[7oroof.com/tfdemos/trevox/shop/indexc0bc.html]
[7oroof.com/tfdemos/trevox/wp-content/plugins/woocommerce/assets/js/sourcebuster/sourcebusterc484.js]
[7oroof.com/tfdemos/trevox/shop/indexa1f5.html]
[7oroof.com/tfdemos/trevox/wp-content/plugins/woocommerce/assets/js/frontend/order-attributionc484.js]
[7oroof.com/tfdemos/trevox/shop/index5f99.html]
[7oroof.com/tfdemos/trevox/shop/index7f35.html]
[7oroof.com/tfdemos/trevox/wp-content/plugins/woocommerce/assets/js/frontend/add-to-cart-variationc484.js]
[7oroof.com/tfdemos/trevox/wp-content/plugins/woo-smart-quick-view/assets/libs/slick/slick.minfa0c.js]
[7oroof.com/tfdemos/trevox/wp-content/plugins/woo-smart-quick-view/assets/libs/perfect-scrollbar/js/perfect-scrollbar.jquery.minfa0c.js]
[7oroof.com/tfdemos/trevox/shop/indexa04d.html]
[7oroof.com/tfdemos/trevox/shop/index274e.html]
[7oroof.com/tfdemos/trevox/wp-content/plugins/woo-smart-quick-view/assets/libs/magnific-popup/jquery.magnific-popup.minfa0c.js]
[7oroof.com/tfdemos/trevox/wp-content/plugins/woo-smart-quick-view/assets/js/frontendfa0c.js]
[7oroof.com/tfdemos/trevox/shop/page/2/index.html]
[7oroof.com/tfdemos/trevox/wp-content/plugins/woo-smart-wishlist/assets/js/frontend341d.js]
[7oroof.com/tfdemos/trevox/shop/page/3/index.html]
[7oroof.com/tfdemos/trevox/shop/index9224.html]
[7oroof.com/tfdemos/trevox/wp-includes/js/dist/vendor/moment1bc8.js]
[7oroof.com/tfdemos/trevox/shop/indexf9b2.html]
[7oroof.com/tfdemos/trevox/wp-content/plugins/wpc-countdown-timer/assets/libs/moment-timezone/moment-timezone-with-data7c45.js]
[7oroof.com/tfdemos/trevox/shop/indexf641.html]
[7oroof.com/tfdemos/trevox/shop/indexf017.html]
[7oroof.com/tfdemos/trevox/wp-content/plugins/wpc-countdown-timer/assets/libs/jquery.countdown/jquery.countdown_zp7c45.js]
[7oroof.com/tfdemos/trevox/shop/indexe36b.html]
[7oroof.com/tfdemos/trevox/wp-content/plugins/wpc-countdown-timer/assets/libs/flipper/jquery.flipper-responsive7c45.js]
[7oroof.com/tfdemos/trevox/shop/indexdad6.html]
[7oroof.com/tfdemos/trevox/wp-content/plugins/wpc-countdown-timer/assets/js/frontend7c45.js]
[7oroof.com/tfdemos/trevox/shop/index8113.html]
[7oroof.com/tfdemos/trevox/shop/indexb07e.html]
[7oroof.com/tfdemos/trevox/wp-content/plugins/wpc-product-size-chart/assets/js/frontende1fc.js]
[7oroof.com/tfdemos/trevox/wp-content/plugins/wpc-variation-swatches/assets/js/frontendfa0c.js]
[7oroof.com/tfdemos/trevox/shop/indexd611.html]
[7oroof.com/tfdemos/trevox/wp-content/themes/trevox/assets/js/mainf269.js]
[7oroof.com/tfdemos/trevox/shop/index6e6e.html]
[7oroof.com/tfdemos/trevox/shop/indexae77.html]
[7oroof.com/tfdemos/trevox/wp-content/themes/trevox/elementor/js/elementor-customf269.js]
[7oroof.com/tfdemos/trevox/shop/index416b.html]
[7oroof.com/tfdemos/trevox/wp-content/themes/trevox/elementor/js/parallax-scroll/jquery.parallax-scrollf269.js]
[7oroof.com/tfdemos/trevox/shop/indexf7a9.html]
[7oroof.com/tfdemos/trevox/shop/index8d6c.html]
[7oroof.com/tfdemos/trevox/shop/indexfe00.html]
[7oroof.com/tfdemos/trevox/shop/indexd97f.html]
[7oroof.com/tfdemos/trevox/wp-content/plugins/wpc-smart-messages/assets/libs/simple-text-rotator/jquery.simple-text-rotator3cbe.js]
[7oroof.com/tfdemos/trevox/shop/indexf99c.html]
[7oroof.com/tfdemos/trevox/shop/index3dee.html]
[7oroof.com/tfdemos/trevox/shop/indexcfff.html]
[7oroof.com/tfdemos/trevox/shop/terms-conditions/index.html]
[7oroof.com/tfdemos/trevox/wp-content/plugins/wpc-smart-messages/assets/js/frontend3cbe.js]
[7oroof.com/tfdemos/trevox/wp-includes/js/jquery/ui/core3f14.js]
[7oroof.com/tfdemos/trevox/wp-includes/js/jquery/ui/mouse3f14.js]
[7oroof.com/tfdemos/trevox/shop/privacy-policies/index.html]
[7oroof.com/tfdemos/trevox/wp-includes/js/jquery/ui/slider3f14.js]
[7oroof.com/tfdemos/trevox/wp-content/plugins/woocommerce/assets/js/jquery-ui-touch-punch/jquery-ui-touch-punchc484.js]
[7oroof.com/tfdemos/trevox/wp-content/plugins/woocommerce-currency-switcher/js/price-slider_338fa9.js]
[7oroof.com/tfdemos/trevox/wp-content/plugins/woocommerce-currency-switcher/js/real-active-filters8fa9.js]
[7oroof.com/tfdemos/trevox/wp-content/plugins/woocommerce-currency-switcher/js/real-price-filter-frontend8fa9.js]
[7oroof.com/tfdemos/trevox/wp-content/plugins/woocommerce-currency-switcher/js/jquery.ddslick.min8fa9.js]
[7oroof.com/tfdemos/trevox/wp-content/plugins/woocommerce-currency-switcher/js/front8fa9.js]
[7oroof.com/tfdemos/trevox/wp-content/themes/trevox/elementor/js/cms-post-carousel-widgetf269.js]
[7oroof.com/tfdemos/trevox/wp-content/plugins/woocommerce/assets/js/accounting/accountingaffb.js]
[7oroof.com/tfdemos/trevox/wp-content/plugins/woocommerce/assets/js/frontend/price-sliderc484.js]
[7oroof.com/tfdemos/trevox/wp-content/themes/trevox/elementor/js/cms-galleriesf269.js]
[7oroof.com/tfdemos/trevox/wp-content/plugins/elementor/assets/js/webpack.runtime1f75.js]
[7oroof.com/tfdemos/trevox/wp-content/plugins/elementor/assets/js/frontend-modules1f75.js]
[7oroof.com/tfdemos/trevox/wp-content/plugins/elementor/assets/lib/waypoints/waypoints05da.js]
[7oroof.com/tfdemos/trevox/shop/index.html]
[7oroof.com/tfdemos/trevox/wp-content/plugins/contact-form-7/includes/css/styles7404.css]
[7oroof.com/tfdemos/trevox/wp-content/plugins/elementor/assets/lib/font-awesome/css/font-awesome1849.css]
[7oroof.com/tfdemos/trevox/wp-content/plugins/woo-smart-quick-view/assets/libs/slick/slick380f.css]
[7oroof.com/tfdemos/trevox/wp-content/plugins/woo-smart-quick-view/assets/libs/perfect-scrollbar/css/perfect-scrollbar.min380f.css]
[7oroof.com/tfdemos/trevox/wp-content/plugins/woo-smart-quick-view/assets/libs/perfect-scrollbar/css/custom-theme380f.css]
[7oroof.com/tfdemos/trevox/wp-content/plugins/woo-smart-quick-view/assets/libs/magnific-popup/magnific-popup380f.css]
[7oroof.com/tfdemos/trevox/wp-content/plugins/elementor/assets/js/frontend1f75.js]
[7oroof.com/tfdemos/trevox/wp-content/plugins/woo-smart-quick-view/assets/libs/feather/fonts/feather.eot]
[7oroof.com/tfdemos/trevox/wp-content/plugins/woo-smart-quick-view/assets/libs/feather/fonts/feather.ttf]
[7oroof.com/tfdemos/trevox/wp-content/plugins/woo-smart-quick-view/assets/libs/feather/fonts/feather.woff]
[7oroof.com/tfdemos/trevox/wp-content/plugins/woo-smart-quick-view/assets/libs/feather/feather380f.css]
[7oroof.com/tfdemos/trevox/wp-content/plugins/woo-smart-wishlist/assets/css/icons341d.css]
[7oroof.com/tfdemos/trevox/wp-content/plugins/wpc-badge-management-premium/assets/css/hint380f.css]
[7oroof.com/tfdemos/trevox/wp-content/plugins/wpc-badge-management-premium/assets/css/stylea305.css]
[7oroof.com/tfdemos/trevox/wp-content/plugins/wpc-countdown-timer/assets/libs/flipper/style7c45.css]
[7oroof.com/tfdemos/trevox/wp-content/plugins/wpc-countdown-timer/assets/css/frontend7c45.css]
[7oroof.com/tfdemos/trevox/wp-content/plugins/wpc-product-size-chart/assets/css/frontende1fc.css]
[7oroof.com/tfdemos/trevox/wp-content/plugins/wpc-variation-swatches/assets/css/frontendfa0c.css]
[7oroof.com/tfdemos/trevox/wp-content/uploads/elementor/css/custom-frontendd52d.css]
[7oroof.com/tfdemos/trevox/wp-content/plugins/woo-smart-quick-view/assets/libs/feather/fonts/feather.svg]
[7oroof.com/tfdemos/trevox/wp-content/themes/trevox/assets/images/pointer-mouse-black.png]
[7oroof.com/tfdemos/trevox/wp-content/themes/trevox/assets/images/pointer-mouse-white.png]
[7oroof.com/tfdemos/trevox/wp-content/themes/trevox/assets/images/pointer-close-black.png]
[7oroof.com/tfdemos/trevox/wp-content/themes/trevox/assets/images/pointer-close-white.png]
[7oroof.com/tfdemos/trevox/wp-content/themes/trevox/assets/images/pointer-play-video-white.png]
[7oroof.com/tfdemos/trevox/wp-content/themes/trevox/assets/images/pointer-play-video-black.png]
[7oroof.com/tfdemos/trevox/wp-content/themes/trevox/assets/images/select-arrow.png]
[7oroof.com/tfdemos/trevox/wp-content/themes/trevox/assets/css/themef269.css]
[7oroof.com/tfdemos/trevox/wp-content/themes/trevox/assets/fonts/font-cmsi/fonts/cmsi1d5f.eot]
[7oroof.com/tfdemos/trevox/wp-content/themes/trevox/assets/fonts/font-cmsi/fonts/cmsi1d5f.ttf]
[7oroof.com/tfdemos/trevox/wp-content/themes/trevox/assets/fonts/font-cmsi/fonts/cmsi1d5f.woff]
[7oroof.com/tfdemos/trevox/wp-content/themes/trevox/assets/fonts/font-cmsi/stylef269.css]
[7oroof.com/tfdemos/trevox/wp-content/themes/trevox/assets/fonts/font-cmsi/fonts/cmsi1d5f.svg]
[7oroof.com/tfdemos/trevox/wp-content/themes/trevox/assets/fonts/font-theme/fonts/Trevox2f5f.eot]
[7oroof.com/tfdemos/trevox/wp-content/themes/trevox/assets/fonts/font-theme/fonts/Trevox2f5f.ttf]
[7oroof.com/tfdemos/trevox/wp-content/themes/trevox/assets/fonts/font-theme/fonts/Trevox2f5f.woff]
[7oroof.com/tfdemos/trevox/wp-content/themes/trevox/assets/fonts/font-theme/stylef269.css]
[7oroof.com/tfdemos/trevox/wp-content/plugins/wpc-smart-messages/assets/libs/simple-text-rotator/simpletextrotator380f.css]
[7oroof.com/tfdemos/trevox/wp-content/plugins/wpc-smart-messages/assets/css/frontend380f.css]
[7oroof.com/tfdemos/trevox/wp-content/themes/trevox/assets/fonts/font-theme/fonts/Trevox2f5f.svg]
[7oroof.com/tfdemos/trevox/wp-content/uploads/elementor/css/post-501d0c4.css]
[7oroof.com/tfdemos/trevox/wp-content/plugins/woocommerce/assets/css/select2c484.css]
[7oroof.com/tfdemos/trevox/shop/two-columns/indexf754.html]
[7oroof.com/tfdemos/trevox/wp-content/plugins/egrid/assets/css/loader8a54.css]
[7oroof.com/tfdemos/trevox/shop/two-columns/indexaf03.html]
[7oroof.com/tfdemos/trevox/wp-content/plugins/egrid/assets/css/placeholder8a54.css]
[7oroof.com/tfdemos/trevox/shop/two-columns/index700a.html]
[7oroof.com/tfdemos/trevox/shop/two-columns/indexf4d9.html]
[7oroof.com/tfdemos/trevox/shop/two-columns/indexee06.html]
[7oroof.com/tfdemos/trevox/shop/two-columns/index4697.html]
[7oroof.com/tfdemos/trevox/shop/two-columns/index84f3.html]
[7oroof.com/tfdemos/trevox/shop/two-columns/indexbc13.html]
[7oroof.com/tfdemos/trevox/shop/two-columns/indexfaa8.html]
[7oroof.com/tfdemos/trevox/shop/two-columns/index455f.html]
[7oroof.com/tfdemos/trevox/wp-content/plugins/egrid/includes/widgets/woocommerce/products/assets/css/egrid-products8a54.css]
[7oroof.com/tfdemos/trevox/wp-content/plugins/egrid/includes/widgets/woocommerce/products/assets/js/egrid-products8a54.js]
[7oroof.com/tfdemos/trevox/wp-content/plugins/egrid/includes/widgets/woocommerce/products/assets/js/price-filter8a54.js]
[7oroof.com/tfdemos/trevox/wp-content/plugins/woocommerce/assets/js/selectWoo/selectWoo.full62f6.js]
[7oroof.com/tfdemos/trevox/wp-content/plugins/egrid/includes/widgets/woocommerce/products/assets/js/attribute-filter8a54.js]
[7oroof.com/tfdemos/trevox/wp-content/plugins/egrid/includes/widgets/woocommerce/products/assets/js/pagination8a54.js]
[7oroof.com/tfdemos/trevox/wp-content/plugins/egrid/includes/widgets/woocommerce/products/assets/js/order8a54.js]
[7oroof.com/tfdemos/trevox/wp-content/plugins/egrid/includes/widgets/woocommerce/products/assets/js/category-filter8a54.js]
[7oroof.com/tfdemos/trevox/wp-content/plugins/egrid/includes/widgets/woocommerce/products/assets/js/product-search8a54.js]
[7oroof.com/tfdemos/trevox/wp-content/plugins/egrid/includes/widgets/woocommerce/products/assets/js/featured-filter8a54.js]
[7oroof.com/tfdemos/trevox/wp-content/plugins/egrid/includes/widgets/woocommerce/products/assets/js/column8a54.js]
[7oroof.com/tfdemos/trevox/shop/two-columns/index.html]
[7oroof.com/tfdemos/trevox/wp-content/plugins/egrid/includes/widgets/woocommerce/products/assets/js/filter-popup8a54.js]
[7oroof.com/tfdemos/trevox/shop/three-columns/index.html]
[7oroof.com/tfdemos/trevox/wp-content/uploads/elementor/css/post-5025410.css]
[7oroof.com/tfdemos/trevox/shop/three-columns/indexaf03.html]
[7oroof.com/tfdemos/trevox/wp-content/uploads/elementor/css/post-5035e68.css]
[7oroof.com/tfdemos/trevox/shop/three-columns/indexf754.html]
[7oroof.com/tfdemos/trevox/shop/three-columns-wide/index.html]
[7oroof.com/tfdemos/trevox/wp-content/uploads/elementor/css/post-504c820.css]
[7oroof.com/tfdemos/trevox/shop/four-columns/index.html]
[7oroof.com/tfdemos/trevox/shop/three-columns/index700a.html]
[7oroof.com/tfdemos/trevox/shop/three-columns/indexf4d9.html]
[7oroof.com/tfdemos/trevox/shop/three-columns/indexee06.html]
[7oroof.com/tfdemos/trevox/wp-content/uploads/elementor/css/post-50570ec.css]
[7oroof.com/tfdemos/trevox/shop/four-columns-wide/index.html]
[7oroof.com/tfdemos/trevox/shop/three-columns/index4697.html]
[7oroof.com/tfdemos/trevox/shop/three-columns/index84f3.html]
[7oroof.com/tfdemos/trevox/shop/three-columns/indexbc13.html]
[7oroof.com/tfdemos/trevox/shop/three-columns/indexfaa8.html]
[7oroof.com/tfdemos/trevox/wp-content/uploads/elementor/css/post-506cba3.css]
[7oroof.com/tfdemos/trevox/shop/five-columns-wide/index.html]
[7oroof.com/tfdemos/trevox/shop/three-columns/index455f.html]
[7oroof.com/tfdemos/trevox/shop/three-columns-wide/indexf754.html]
[7oroof.com/tfdemos/trevox/wp-content/uploads/elementor/css/post-50740b6.css]
[7oroof.com/tfdemos/trevox/shop/six-columns-wide/index.html]
[7oroof.com/tfdemos/trevox/shop/three-columns-wide/index700a.html]
[7oroof.com/tfdemos/trevox/shop/three-columns-wide/indexaf03.html]
[7oroof.com/tfdemos/trevox/shop/three-columns-wide/indexf4d9.html]
[7oroof.com/tfdemos/trevox/shop/my-account/index.html]
[7oroof.com/tfdemos/trevox/shop/three-columns-wide/indexee06.html]
[7oroof.com/tfdemos/trevox/shop/three-columns-wide/index4697.html]
[7oroof.com/tfdemos/trevox/shop/three-columns-wide/index84f3.html]
[7oroof.com/tfdemos/trevox/wp-content/plugins/woocommerce/assets/js/frontend/country-selectc484.js]
[7oroof.com/tfdemos/trevox/shop/three-columns-wide/indexbc13.html]
[7oroof.com/tfdemos/trevox/shop/three-columns-wide/indexfaa8.html]
[7oroof.com/tfdemos/trevox/wp-content/plugins/woocommerce/assets/js/frontend/address-i18nc484.js]
[7oroof.com/tfdemos/trevox/wp-content/plugins/woocommerce/assets/js/frontend/cartc484.js]
[7oroof.com/tfdemos/trevox/shop/cart/index.html]
[7oroof.com/tfdemos/trevox/shop/three-columns-wide/index455f.html]
[7oroof.com/tfdemos/trevox/shop/three-columns-wide/indexa1f5.html]
[7oroof.com/tfdemos/trevox/shop/three-columns-wide/indexc0bc.html]
[7oroof.com/tfdemos/trevox/shop/checkout/index.html]
[7oroof.com/tfdemos/trevox/shop/three-columns-wide/index5f99.html]
[7oroof.com/tfdemos/trevox/shop/three-columns-wide/index7f35.html]
[7oroof.com/tfdemos/trevox/wp-content/uploads/elementor/css/post-508e828.css]
[7oroof.com/tfdemos/trevox/shop/three-columns-wide/indexa04d.html]
[7oroof.com/tfdemos/trevox/shop/three-columns-wide/index274e.html]
[7oroof.com/tfdemos/trevox/shop/four-columns/indexf754.html]
[7oroof.com/cdn-cgi/scripts/5c5dd728/cloudflare-static/email-decode.min.js]
[7oroof.com/tfdemos/trevox/shop/order-tracking/index.html]
[7oroof.com/tfdemos/trevox/shop/four-columns/index700a.html]
[7oroof.com/tfdemos/trevox/shop/indexc071.html]
[7oroof.com/tfdemos/trevox/shop/four-columns/indexaf03.html]
[7oroof.com/tfdemos/trevox/shop/indexf754.html]
[7oroof.com/tfdemos/trevox/shop/index3969.html]
[7oroof.com/tfdemos/trevox/shop/indexaf03.html]
[7oroof.com/tfdemos/trevox/shop/four-columns/index84f3.html]
[7oroof.com/tfdemos/trevox/shop/four-columns/index4697.html]
[7oroof.com/tfdemos/trevox/shop/index700a.html]
[7oroof.com/tfdemos/trevox/shop/four-columns/indexfaa8.html]
[7oroof.com/tfdemos/trevox/shop/index07a6.html]
[7oroof.com/tfdemos/trevox/shop/four-columns/index455f.html]
[7oroof.com/tfdemos/trevox/shop/indexf4d9.html]
[7oroof.com/tfdemos/trevox/shop/four-columns/indexa1f5.html]
[7oroof.com/tfdemos/trevox/shop/indexee06.html]
[7oroof.com/tfdemos/trevox/shop/four-columns/indexc0bc.html]
[7oroof.com/tfdemos/trevox/shop/four-columns/index7f35.html]
[7oroof.com/tfdemos/trevox/shop/index16dc.html]
[7oroof.com/tfdemos/trevox/shop/four-columns/index5f99.html]
[7oroof.com/tfdemos/trevox/shop/index4697.html]
[7oroof.com/tfdemos/trevox/shop/four-columns-wide/indexf754.html]
[7oroof.com/tfdemos/trevox/shop/index84f3.html]
[7oroof.com/tfdemos/trevox/shop/four-columns-wide/indexaf03.html]
[7oroof.com/tfdemos/trevox/shop/index6a7b.html]
[7oroof.com/tfdemos/trevox/shop/four-columns-wide/indexf4d9.html]
[7oroof.com/tfdemos/trevox/shop/four-columns-wide/indexee06.html]
[7oroof.com/tfdemos/trevox/shop/four-columns-wide/index700a.html]
[7oroof.com/tfdemos/trevox/shop/indexbc13.html]
[7oroof.com/tfdemos/trevox/shop/four-columns-wide/index4697.html]
[7oroof.com/tfdemos/trevox/shop/four-columns-wide/index84f3.html]
[7oroof.com/tfdemos/trevox/shop/indexfaa8.html]
[7oroof.com/tfdemos/trevox/shop/index53b5.html]
[7oroof.com/tfdemos/trevox/shop/four-columns-wide/indexbc13.html]
[7oroof.com/tfdemos/trevox/shop/four-columns-wide/indexfaa8.html]
[7oroof.com/tfdemos/trevox/shop/index455f.html]
[7oroof.com/tfdemos/trevox/shop/four-columns-wide/indexc0bc.html]
[7oroof.com/tfdemos/trevox/shop/four-columns-wide/index455f.html]
[7oroof.com/tfdemos/trevox/shop/index4e10.html]
[7oroof.com/tfdemos/trevox/shop/four-columns-wide/indexa1f5.html]
[7oroof.com/tfdemos/trevox/shop/indexc0bc.html]
[7oroof.com/tfdemos/trevox/shop/four-columns-wide/index5f99.html]
[7oroof.com/tfdemos/trevox/shop/four-columns-wide/index7f35.html]
[7oroof.com/tfdemos/trevox/shop/indexa1f5.html]
[7oroof.com/tfdemos/trevox/shop/five-columns-wide/indexaf03.html]
[7oroof.com/tfdemos/trevox/shop/index6f1b.html]
[7oroof.com/tfdemos/trevox/shop/five-columns-wide/index700a.html]
[7oroof.com/tfdemos/trevox/shop/index7f35.html]
[7oroof.com/tfdemos/trevox/shop/five-columns-wide/indexf754.html]
[7oroof.com/tfdemos/trevox/shop/five-columns-wide/indexee06.html]
[7oroof.com/tfdemos/trevox/shop/five-columns-wide/indexf4d9.html]
[7oroof.com/tfdemos/trevox/shop/index5f99.html]
[7oroof.com/tfdemos/trevox/shop/index8d09.html]
[7oroof.com/tfdemos/trevox/shop/five-columns-wide/index84f3.html]
[7oroof.com/tfdemos/trevox/shop/five-columns-wide/index4697.html]
[7oroof.com/tfdemos/trevox/shop/indexa04d.html]
[7oroof.com/tfdemos/trevox/shop/five-columns-wide/indexbc13.html]
[7oroof.com/tfdemos/trevox/shop/five-columns-wide/indexfaa8.html]
[7oroof.com/tfdemos/trevox/shop/index274e.html]
[7oroof.com/tfdemos/trevox/shop/page/2/index.html]
[7oroof.com/tfdemos/trevox/shop/five-columns-wide/index455f.html]
[7oroof.com/tfdemos/trevox/shop/five-columns-wide/indexa1f5.html]
[7oroof.com/tfdemos/trevox/shop/five-columns-wide/indexc0bc.html]
[7oroof.com/tfdemos/trevox/wp-content/uploads/Girlish-Backpack-400x524.jpg]
[7oroof.com/tfdemos/trevox/shop/page/3/index.html]
[7oroof.com/tfdemos/trevox/shop/five-columns-wide/index5f99.html]
[7oroof.com/tfdemos/trevox/shop/index9224.html]
[7oroof.com/tfdemos/trevox/shop/five-columns-wide/index274e.html]
[7oroof.com/tfdemos/trevox/shop/indexf9b2.html]
[7oroof.com/tfdemos/trevox/shop/five-columns-wide/indexa04d.html]
[7oroof.com/tfdemos/trevox/shop/five-columns-wide/index7f35.html]
[7oroof.com/tfdemos/trevox/shop/indexf641.html]
[7oroof.com/tfdemos/trevox/shop/five-columns-wide/indexb467.html]
[7oroof.com/tfdemos/trevox/shop/indexf017.html]
[7oroof.com/tfdemos/trevox/shop/five-columns-wide/index6f15.html]
[7oroof.com/tfdemos/trevox/shop/six-columns-wide/indexaf03.html]
[7oroof.com/tfdemos/trevox/shop/six-columns-wide/indexf754.html]
[7oroof.com/tfdemos/trevox/shop/indexe36b.html]
[7oroof.com/tfdemos/trevox/shop/indexdad6.html]
[7oroof.com/tfdemos/trevox/shop/six-columns-wide/indexf4d9.html]
[7oroof.com/tfdemos/trevox/shop/six-columns-wide/index700a.html]
[7oroof.com/tfdemos/trevox/shop/index8113.html]
[7oroof.com/tfdemos/trevox/shop/six-columns-wide/indexee06.html]
[7oroof.com/tfdemos/trevox/shop/indexb07e.html]
[7oroof.com/tfdemos/trevox/shop/six-columns-wide/index4697.html]
[7oroof.com/tfdemos/trevox/shop/six-columns-wide/index84f3.html]
[7oroof.com/tfdemos/trevox/shop/indexd611.html]
[7oroof.com/tfdemos/trevox/shop/six-columns-wide/indexbc13.html]
[7oroof.com/tfdemos/trevox/shop/six-columns-wide/indexfaa8.html]
[7oroof.com/tfdemos/trevox/shop/index6e6e.html]
[7oroof.com/tfdemos/trevox/shop/indexae77.html]
[7oroof.com/tfdemos/trevox/shop/six-columns-wide/indexc0bc.html]
[7oroof.com/tfdemos/trevox/shop/index416b.html]
[7oroof.com/tfdemos/trevox/shop/six-columns-wide/indexa1f5.html]
[7oroof.com/tfdemos/trevox/shop/indexf7a9.html]
[7oroof.com/tfdemos/trevox/shop/index8d6c.html]
[7oroof.com/tfdemos/trevox/shop/indexfe00.html]
[7oroof.com/tfdemos/trevox/shop/indexd97f.html]
[7oroof.com/tfdemos/trevox/shop/index3dee.html]
[7oroof.com/tfdemos/trevox/shop/indexf99c.html]
[7oroof.com/tfdemos/trevox/shop/indexcfff.html]
[7oroof.com/tfdemos/trevox/shop/terms-conditions/index.html]
[7oroof.com/tfdemos/trevox/shop/privacy-policies/index.html]
[7oroof.com/tfdemos/trevox/wp-content/plugins/woocommerce/assets/client/blocks/wc-blocks6333.css]
[7oroof.com/tfdemos/trevox/wp-content/plugins/woocommerce-currency-switcher/css/front8fa9.css]
[7oroof.com/tfdemos/trevox/wp-content/uploads/elementor/css/post-1428853.css]
[7oroof.com/tfdemos/trevox/wp-content/uploads/elementor/css/post-6138853.css]
[7oroof.com/tfdemos/trevox/wp-content/uploads/elementor/css/post-6178853.css]
[7oroof.com/tfdemos/trevox/wp-content/uploads/elementor/css/post-622dfe7.css]
[7oroof.com/tfdemos/trevox/wp-content/uploads/elementor/css/post-52960a.css]
[7oroof.com/tfdemos/trevox/wp-content/themes/trevox/pl_templates/csh-login/layouts/layout1/layout1380f.css]
[7oroof.com/tfdemos/trevox/wp-content/plugins/elementor/assets/lib/swiper/v8/css/swiper94a4.css]
[7oroof.com/tfdemos/trevox/wp-content/uploads/elementor/css/post-8d52d.css]
[7oroof.com/tfdemos/trevox/wp-content/plugins/elementor/assets/lib/animations/animations.min1f75.css]
[7oroof.com/tfdemos/trevox/wp-content/plugins/woo-smart-quick-view/assets/libs/feather/fonts/feather.svg]
[7oroof.com/tfdemos/trevox/wp-content/themes/trevox/assets/images/pointer-mouse-black.html]
[7oroof.com/tfdemos/trevox/wp-content/themes/trevox/assets/images/pointer-close-black.html]
[7oroof.com/tfdemos/trevox/wp-content/themes/trevox/assets/images/pointer-play-video-black.html]
[7oroof.com/tfdemos/trevox/wp-content/themes/trevox/assets/fonts/font-cmsi/fonts/cmsi1d5f.svg]
[7oroof.com/tfdemos/trevox/wp-content/themes/trevox/assets/fonts/font-theme/fonts/Trevox2f5f.svg]
[7oroof.com/tfdemos/trevox/wp-content/uploads/elementor/css/post-501d0c4.css]
[7oroof.com/tfdemos/trevox/shop/two-columns/indexc071.html]
[7oroof.com/tfdemos/trevox/shop/two-columns/indexf754.html]
[7oroof.com/tfdemos/trevox/shop/two-columns/index3969.html]
[7oroof.com/tfdemos/trevox/shop/two-columns/indexaf03.html]
[7oroof.com/tfdemos/trevox/shop/two-columns/index700a.html]
[7oroof.com/tfdemos/trevox/shop/two-columns/index07a6.html]
[7oroof.com/tfdemos/trevox/shop/two-columns/indexf4d9.html]
[7oroof.com/tfdemos/trevox/shop/two-columns/indexee06.html]
[7oroof.com/tfdemos/trevox/shop/two-columns/index16dc.html]
[7oroof.com/tfdemos/trevox/shop/two-columns/index4697.html]
[7oroof.com/tfdemos/trevox/shop/two-columns/index84f3.html]
[7oroof.com/tfdemos/trevox/shop/two-columns/index6a7b.html]
[7oroof.com/tfdemos/trevox/shop/two-columns/indexbc13.html]
[7oroof.com/tfdemos/trevox/shop/two-columns/indexfaa8.html]
[7oroof.com/tfdemos/trevox/shop/two-columns/index53b5.html]
[7oroof.com/tfdemos/trevox/shop/two-columns/index455f.html]
[7oroof.com/tfdemos/trevox/wp-content/plugins/woocommerce/assets/css/select2c484.css]
[7oroof.com/tfdemos/trevox/wp-content/plugins/egrid/assets/css/loader8a54.css]
[7oroof.com/tfdemos/trevox/wp-content/plugins/egrid/assets/css/placeholder8a54.css]
[7oroof.com/tfdemos/trevox/wp-content/plugins/egrid/includes/widgets/woocommerce/products/assets/css/egrid-products8a54.css]
[7oroof.com/tfdemos/trevox/wp-content/uploads/elementor/css/post-5025410.css]
[7oroof.com/tfdemos/trevox/shop/three-columns/indexc071.html]
[7oroof.com/tfdemos/trevox/shop/three-columns/indexf754.html]
[7oroof.com/tfdemos/trevox/shop/three-columns/index3969.html]
[7oroof.com/tfdemos/trevox/shop/three-columns/indexaf03.html]
[7oroof.com/tfdemos/trevox/shop/three-columns/index700a.html]
[7oroof.com/tfdemos/trevox/shop/three-columns/index07a6.html]
[7oroof.com/tfdemos/trevox/shop/three-columns/indexf4d9.html]
[7oroof.com/tfdemos/trevox/shop/three-columns/indexee06.html]
[7oroof.com/tfdemos/trevox/shop/three-columns/index16dc.html]
[7oroof.com/tfdemos/trevox/shop/three-columns/index4697.html]
[7oroof.com/tfdemos/trevox/shop/three-columns/index84f3.html]
[7oroof.com/tfdemos/trevox/shop/three-columns/index6a7b.html]
[7oroof.com/tfdemos/trevox/shop/three-columns/indexbc13.html]
[7oroof.com/tfdemos/trevox/shop/three-columns/indexfaa8.html]
[7oroof.com/tfdemos/trevox/shop/three-columns/index53b5.html]
[7oroof.com/tfdemos/trevox/shop/three-columns/index455f.html]
[7oroof.com/tfdemos/trevox/wp-content/uploads/elementor/css/post-5035e68.css]
[7oroof.com/tfdemos/trevox/shop/three-columns-wide/indexc071.html]
[7oroof.com/tfdemos/trevox/shop/three-columns-wide/indexf754.html]
[7oroof.com/tfdemos/trevox/shop/three-columns-wide/index3969.html]
[7oroof.com/tfdemos/trevox/shop/three-columns-wide/indexaf03.html]
[7oroof.com/tfdemos/trevox/shop/three-columns-wide/index700a.html]
[7oroof.com/tfdemos/trevox/shop/three-columns-wide/index07a6.html]
[7oroof.com/tfdemos/trevox/shop/three-columns-wide/indexf4d9.html]
[7oroof.com/tfdemos/trevox/shop/three-columns-wide/indexee06.html]
[7oroof.com/tfdemos/trevox/shop/three-columns-wide/index16dc.html]
[7oroof.com/tfdemos/trevox/shop/three-columns-wide/index4697.html]
[7oroof.com/tfdemos/trevox/shop/three-columns-wide/index84f3.html]
[7oroof.com/tfdemos/trevox/shop/three-columns-wide/index6a7b.html]
[7oroof.com/tfdemos/trevox/shop/three-columns-wide/indexbc13.html]
[7oroof.com/tfdemos/trevox/shop/three-columns-wide/indexfaa8.html]
[7oroof.com/tfdemos/trevox/shop/three-columns-wide/index53b5.html]
[7oroof.com/tfdemos/trevox/shop/three-columns-wide/index455f.html]
[7oroof.com/tfdemos/trevox/shop/three-columns-wide/index4e10.html]
[7oroof.com/tfdemos/trevox/shop/three-columns-wide/indexc0bc.html]
[7oroof.com/tfdemos/trevox/shop/three-columns-wide/indexa1f5.html]
[7oroof.com/tfdemos/trevox/shop/three-columns-wide/index6f1b.html]
[7oroof.com/tfdemos/trevox/shop/three-columns-wide/index7f35.html]
[7oroof.com/tfdemos/trevox/shop/three-columns-wide/index5f99.html]
[7oroof.com/tfdemos/trevox/shop/three-columns-wide/index8d09.html]
[7oroof.com/tfdemos/trevox/shop/three-columns-wide/indexa04d.html]
[7oroof.com/tfdemos/trevox/shop/three-columns-wide/index274e.html]
[7oroof.com/tfdemos/trevox/wp-content/uploads/elementor/css/post-504c820.css]
[7oroof.com/tfdemos/trevox/shop/four-columns/indexc071.html]
[7oroof.com/tfdemos/trevox/shop/four-columns/indexf754.html]
[7oroof.com/tfdemos/trevox/shop/four-columns/index3969.html]
[7oroof.com/tfdemos/trevox/shop/four-columns/indexaf03.html]
[7oroof.com/tfdemos/trevox/shop/four-columns/index700a.html]
[7oroof.com/tfdemos/trevox/shop/four-columns/index07a6.html]
[7oroof.com/tfdemos/trevox/shop/four-columns/index4697.html]
[7oroof.com/tfdemos/trevox/shop/four-columns/index84f3.html]
[7oroof.com/tfdemos/trevox/shop/four-columns/index6a7b.html]
[7oroof.com/tfdemos/trevox/shop/four-columns/indexfaa8.html]
[7oroof.com/tfdemos/trevox/shop/four-columns/index53b5.html]
[7oroof.com/tfdemos/trevox/shop/four-columns/index455f.html]
[7oroof.com/tfdemos/trevox/shop/four-columns/index4e10.html]
[7oroof.com/tfdemos/trevox/shop/four-columns/indexc0bc.html]
[7oroof.com/tfdemos/trevox/shop/four-columns/indexa1f5.html]
[7oroof.com/tfdemos/trevox/shop/four-columns/index6f1b.html]
[7oroof.com/tfdemos/trevox/shop/four-columns/index7f35.html]
[7oroof.com/tfdemos/trevox/shop/four-columns/index5f99.html]
[7oroof.com/tfdemos/trevox/wp-content/uploads/elementor/css/post-50570ec.css]
[7oroof.com/tfdemos/trevox/shop/four-columns-wide/indexc071.html]
[7oroof.com/tfdemos/trevox/shop/four-columns-wide/indexf754.html]
[7oroof.com/tfdemos/trevox/shop/four-columns-wide/index3969.html]
[7oroof.com/tfdemos/trevox/shop/four-columns-wide/indexaf03.html]
[7oroof.com/tfdemos/trevox/shop/four-columns-wide/index700a.html]
[7oroof.com/tfdemos/trevox/shop/four-columns-wide/index07a6.html]
[7oroof.com/tfdemos/trevox/shop/four-columns-wide/indexf4d9.html]
[7oroof.com/tfdemos/trevox/shop/four-columns-wide/indexee06.html]
[7oroof.com/tfdemos/trevox/shop/four-columns-wide/index16dc.html]
[7oroof.com/tfdemos/trevox/shop/four-columns-wide/index4697.html]
[7oroof.com/tfdemos/trevox/shop/four-columns-wide/index84f3.html]
[7oroof.com/tfdemos/trevox/shop/four-columns-wide/index6a7b.html]
[7oroof.com/tfdemos/trevox/shop/four-columns-wide/indexbc13.html]
[7oroof.com/tfdemos/trevox/shop/four-columns-wide/indexfaa8.html]
[7oroof.com/tfdemos/trevox/shop/four-columns-wide/index53b5.html]
[7oroof.com/tfdemos/trevox/shop/four-columns-wide/index455f.html]
[7oroof.com/tfdemos/trevox/shop/four-columns-wide/index4e10.html]
[7oroof.com/tfdemos/trevox/shop/four-columns-wide/indexc0bc.html]
[7oroof.com/tfdemos/trevox/shop/four-columns-wide/indexa1f5.html]
[7oroof.com/tfdemos/trevox/shop/four-columns-wide/index6f1b.html]
[7oroof.com/tfdemos/trevox/shop/four-columns-wide/index7f35.html]
[7oroof.com/tfdemos/trevox/shop/four-columns-wide/index5f99.html]
[7oroof.com/tfdemos/trevox/wp-content/uploads/elementor/css/post-506cba3.css]
[7oroof.com/tfdemos/trevox/shop/five-columns-wide/indexc071.html]
[7oroof.com/tfdemos/trevox/shop/five-columns-wide/indexf754.html]
[7oroof.com/tfdemos/trevox/shop/five-columns-wide/index3969.html]
[7oroof.com/tfdemos/trevox/shop/five-columns-wide/indexaf03.html]
[7oroof.com/tfdemos/trevox/shop/five-columns-wide/index700a.html]
[7oroof.com/tfdemos/trevox/shop/five-columns-wide/index07a6.html]
[7oroof.com/tfdemos/trevox/shop/five-columns-wide/indexf4d9.html]
[7oroof.com/tfdemos/trevox/shop/five-columns-wide/indexee06.html]
[7oroof.com/tfdemos/trevox/shop/five-columns-wide/index16dc.html]
[7oroof.com/tfdemos/trevox/shop/five-columns-wide/index4697.html]
[7oroof.com/tfdemos/trevox/shop/five-columns-wide/index84f3.html]
[7oroof.com/tfdemos/trevox/shop/five-columns-wide/index6a7b.html]
[7oroof.com/tfdemos/trevox/shop/five-columns-wide/indexbc13.html]
[7oroof.com/tfdemos/trevox/shop/five-columns-wide/indexfaa8.html]
[7oroof.com/tfdemos/trevox/shop/five-columns-wide/index53b5.html]
[7oroof.com/tfdemos/trevox/shop/five-columns-wide/index455f.html]
[7oroof.com/tfdemos/trevox/shop/five-columns-wide/index4e10.html]
[7oroof.com/tfdemos/trevox/shop/five-columns-wide/indexc0bc.html]
[7oroof.com/tfdemos/trevox/shop/five-columns-wide/indexa1f5.html]
[7oroof.com/tfdemos/trevox/shop/five-columns-wide/index6f1b.html]
[7oroof.com/tfdemos/trevox/shop/five-columns-wide/index7f35.html]
[7oroof.com/tfdemos/trevox/shop/five-columns-wide/index5f99.html]
[7oroof.com/tfdemos/trevox/shop/five-columns-wide/index8d09.html]
[7oroof.com/tfdemos/trevox/shop/five-columns-wide/indexa04d.html]
[7oroof.com/tfdemos/trevox/shop/five-columns-wide/index274e.html]
[7oroof.com/tfdemos/trevox/shop/five-columns-wide/index07b8.html]
[7oroof.com/tfdemos/trevox/shop/five-columns-wide/indexb467.html]
[7oroof.com/tfdemos/trevox/shop/five-columns-wide/index6f15.html]
[7oroof.com/tfdemos/trevox/wp-content/uploads/elementor/css/post-50740b6.css]
[7oroof.com/tfdemos/trevox/shop/six-columns-wide/indexc071.html]
[7oroof.com/tfdemos/trevox/shop/six-columns-wide/indexf754.html]
[7oroof.com/tfdemos/trevox/shop/six-columns-wide/index3969.html]
[7oroof.com/tfdemos/trevox/shop/six-columns-wide/indexaf03.html]
[7oroof.com/tfdemos/trevox/shop/six-columns-wide/index700a.html]
[7oroof.com/tfdemos/trevox/shop/six-columns-wide/index07a6.html]
[7oroof.com/tfdemos/trevox/shop/six-columns-wide/indexf4d9.html]
[7oroof.com/tfdemos/trevox/shop/six-columns-wide/indexee06.html]
[7oroof.com/tfdemos/trevox/shop/six-columns-wide/index16dc.html]
[7oroof.com/tfdemos/trevox/shop/six-columns-wide/index4697.html]
[7oroof.com/tfdemos/trevox/shop/six-columns-wide/index84f3.html]
[7oroof.com/tfdemos/trevox/shop/six-columns-wide/index6a7b.html]
[7oroof.com/tfdemos/trevox/shop/six-columns-wide/indexbc13.html]
[7oroof.com/tfdemos/trevox/shop/six-columns-wide/indexfaa8.html]
[7oroof.com/tfdemos/trevox/shop/six-columns-wide/index4e10.html]
[7oroof.com/tfdemos/trevox/shop/six-columns-wide/indexc0bc.html]
[7oroof.com/tfdemos/trevox/shop/six-columns-wide/indexa1f5.html]
[7oroof.com/tfdemos/trevox/wp-content/uploads/elementor/css/post-508e828.css]
[7oroof.com/tfdemos/trevox/wp-content/plugins/egrid/assets/css/modal8a54.css]
[7oroof.com/tfdemos/trevox/wp-content/plugins/egrid/includes/widgets/woocommerce/products/assets/js/rating8a54.js]
[7oroof.com/tfdemos/trevox/wp-content/plugins/egrid/includes/widgets/woocommerce/products/assets/js/stock-status8a54.js]
[7oroof.com/tfdemos/trevox/shop/four-columns/indexf4d9.html]
[7oroof.com/tfdemos/trevox/shop/four-columns/indexee06.html]
[7oroof.com/tfdemos/trevox/shop/four-columns/index16dc.html]
[7oroof.com/tfdemos/trevox/shop/four-columns/indexbc13.html]
[7oroof.com/tfdemos/trevox/shop/six-columns-wide/index53b5.html]
[7oroof.com/tfdemos/trevox/shop/six-columns-wide/index455f.html]
[7oroof.com/tfdemos/trevox/shop/six-columns-wide/index6f1b.html]
[7oroof.com/tfdemos/trevox/shop/six-columns-wide/index7f35.html]
[7oroof.com/tfdemos/trevox/shop/six-columns-wide/index5f99.html]
[7oroof.com/tfdemos/trevox/shop/six-columns-wide/index8d09.html]
[7oroof.com/tfdemos/trevox/shop/six-columns-wide/indexa04d.html]
[7oroof.com/tfdemos/trevox/shop/six-columns-wide/index274e.html]
[7oroof.com/tfdemos/trevox/shop/six-columns-wide/index07b8.html]
[7oroof.com/tfdemos/trevox/shop/six-columns-wide/indexb467.html]
[7oroof.com/tfdemos/trevox/shop/six-columns-wide/index6f15.html]
[7oroof.com/tfdemos/trevox/shop/six-columns-wide/indexfe17.html]
[7oroof.com/tfdemos/trevox/shop/six-columns-wide/index3068.html]
[7oroof.com/tfdemos/trevox/shop/six-columns-wide/index4b09.html]
[7oroof.com/tfdemos/trevox/shop/six-columns-wide/index56b3.html]
[7oroof.com/tfdemos/trevox/shop/six-columns-wide/indexe8b4.html]
[7oroof.com/tfdemos/trevox/shop/my-account/indexc071.html]
[7oroof.com/tfdemos/trevox/shop/my-account/indexf754.html]
[7oroof.com/tfdemos/trevox/shop/my-account/index3969.html]
[7oroof.com/tfdemos/trevox/shop/my-account/indexaf03.html]
[7oroof.com/tfdemos/trevox/shop/my-account/index700a.html]
[7oroof.com/tfdemos/trevox/shop/my-account/index07a6.html]
[7oroof.com/tfdemos/trevox/shop/my-account/indexf4d9.html]
[7oroof.com/tfdemos/trevox/shop/my-account/indexee06.html]
[7oroof.com/tfdemos/trevox/shop/my-account/index16dc.html]
[7oroof.com/tfdemos/trevox/shop/my-account/index4697.html]
[7oroof.com/tfdemos/trevox/shop/my-account/index84f3.html]
[7oroof.com/tfdemos/trevox/shop/my-account/lost-password/index.html]
[7oroof.com/tfdemos/trevox/shop/cart/indexc071.html]
[7oroof.com/tfdemos/trevox/shop/cart/indexf754.html]
[7oroof.com/tfdemos/trevox/shop/cart/index3969.html]
[7oroof.com/tfdemos/trevox/shop/cart/indexaf03.html]
[7oroof.com/tfdemos/trevox/shop/cart/index700a.html]
[7oroof.com/tfdemos/trevox/shop/cart/index07a6.html]
[7oroof.com/tfdemos/trevox/shop/cart/indexf4d9.html]
[7oroof.com/tfdemos/trevox/shop/cart/indexee06.html]
[7oroof.com/tfdemos/trevox/shop/cart/index16dc.html]
[7oroof.com/tfdemos/trevox/shop/cart/index4697.html]
[7oroof.com/tfdemos/trevox/shop/cart/index84f3.html]
[7oroof.com/tfdemos/trevox/shop/order-tracking/indexc071.html]
[7oroof.com/tfdemos/trevox/shop/order-tracking/indexf754.html]
[7oroof.com/tfdemos/trevox/shop/order-tracking/index3969.html]
[7oroof.com/tfdemos/trevox/shop/order-tracking/indexaf03.html]
[7oroof.com/tfdemos/trevox/shop/order-tracking/index700a.html]
[7oroof.com/tfdemos/trevox/shop/order-tracking/index07a6.html]
[7oroof.com/tfdemos/trevox/shop/order-tracking/indexf4d9.html]
[7oroof.com/tfdemos/trevox/shop/order-tracking/indexee06.html]
[7oroof.com/tfdemos/trevox/shop/order-tracking/index16dc.html]
[7oroof.com/tfdemos/trevox/shop/order-tracking/index4697.html]
[7oroof.com/tfdemos/trevox/shop/order-tracking/index84f3.html]
[7oroof.com/tfdemos/trevox/shop/page/2/indexf754.html]
[7oroof.com/tfdemos/trevox/shop/page/3/indexf754.html]
[7oroof.com/tfdemos/trevox/shop/page/2/indexaf03.html]
[7oroof.com/tfdemos/trevox/shop/page/3/indexaf03.html]
[7oroof.com/tfdemos/trevox/shop/cart/index2c16.html]
[7oroof.com/tfdemos/trevox/shop/page/2/indexf4d9.html]
[7oroof.com/tfdemos/trevox/shop/page/3/indexf4d9.html]
[7oroof.com/tfdemos/trevox/shop/cart/index89b0.html]
[7oroof.com/tfdemos/trevox/shop/page/2/index4697.html]
[7oroof.com/tfdemos/trevox/shop/page/3/index4697.html]
[7oroof.com/tfdemos/trevox/shop/cart/indexc1c9.html]
[7oroof.com/tfdemos/trevox/shop/page/2/indexbc13.html]
[7oroof.com/tfdemos/trevox/shop/page/3/indexbc13.html]
[7oroof.com/tfdemos/trevox/shop/cart/index63c6.html]
[7oroof.com/tfdemos/trevox/shop/page/2/index455f.html]
[7oroof.com/tfdemos/trevox/shop/page/3/index455f.html]
[7oroof.com/tfdemos/trevox/shop/page/2/indexc0bc.html]
[7oroof.com/tfdemos/trevox/shop/page/3/indexc0bc.html]
[7oroof.com/tfdemos/trevox/shop/cart/index5188.html]
[7oroof.com/tfdemos/trevox/shop/page/2/index7f35.html]
[7oroof.com/tfdemos/trevox/shop/page/3/index7f35.html]
[7oroof.com/tfdemos/trevox/shop/cart/index8fc3.html]
[7oroof.com/tfdemos/trevox/shop/page/2/indexa04d.html]
[7oroof.com/tfdemos/trevox/shop/page/3/indexa04d.html]
[7oroof.com/tfdemos/trevox/shop/cart/index31cc.html]
[7oroof.com/tfdemos/trevox/shop/page/2/indexc071.html]
[7oroof.com/tfdemos/trevox/shop/page/2/index3969.html]
[7oroof.com/tfdemos/trevox/shop/page/2/index700a.html]
[7oroof.com/tfdemos/trevox/shop/page/2/index07a6.html]
[7oroof.com/tfdemos/trevox/shop/page/2/indexee06.html]
[7oroof.com/tfdemos/trevox/shop/page/2/index16dc.html]
[7oroof.com/tfdemos/trevox/shop/page/2/index84f3.html]
[7oroof.com/tfdemos/trevox/shop/page/2/index07b8.html]
[7oroof.com/tfdemos/trevox/shop/page/2/indexb467.html]
[7oroof.com/tfdemos/trevox/shop/page/2/index6f15.html]
[7oroof.com/tfdemos/trevox/shop/page/2/indexfe17.html]
[7oroof.com/tfdemos/trevox/shop/page/2/index3068.html]
[7oroof.com/tfdemos/trevox/shop/page/2/index4b09.html]
[7oroof.com/tfdemos/trevox/shop/page/2/index56b3.html]
[7oroof.com/tfdemos/trevox/shop/page/2/indexe8b4.html]
[7oroof.com/tfdemos/trevox/shop/page/2/indexe64b.html]
[7oroof.com/tfdemos/trevox/shop/page/2/index357e.html]
[7oroof.com/tfdemos/trevox/shop/page/2/indexb133.html]
[7oroof.com/tfdemos/trevox/shop/page/2/index3187.html]
[7oroof.com/tfdemos/trevox/shop/page/2/index9f75.html]
[7oroof.com/tfdemos/trevox/shop/page/2/indexab60.html]
[7oroof.com/tfdemos/trevox/shop/page/2/indexf349.html]
[7oroof.com/tfdemos/trevox/shop/page/2/indexb286.html]
[7oroof.com/tfdemos/trevox/shop/page/2/indexf7e0.html]
[7oroof.com/tfdemos/trevox/shop/page/2/indexaaba.html]
[7oroof.com/tfdemos/trevox/shop/page/2/index1391.html]
[7oroof.com/tfdemos/trevox/shop/page/2/index61f4.html]
[7oroof.com/tfdemos/trevox/shop/page/2/indexd01e.html]
[7oroof.com/tfdemos/trevox/shop/page/2/indexf9e5.html]
[7oroof.com/tfdemos/trevox/shop/page/2/index263b.html]
[7oroof.com/tfdemos/trevox/shop/page/1/index.html]
[7oroof.com/tfdemos/trevox/shop/page/3/indexc071.html]
[7oroof.com/tfdemos/trevox/shop/page/3/index3969.html]
[7oroof.com/tfdemos/trevox/shop/page/3/index700a.html]
[7oroof.com/tfdemos/trevox/shop/page/3/index07a6.html]
[7oroof.com/tfdemos/trevox/shop/page/3/indexee06.html]
[7oroof.com/tfdemos/trevox/shop/page/3/index16dc.html]
[7oroof.com/tfdemos/trevox/shop/page/3/index84f3.html]
[7oroof.com/tfdemos/trevox/shop/page/3/index7016.html]
[7oroof.com/tfdemos/trevox/shop/page/3/index121c.html]
[7oroof.com/tfdemos/trevox/shop/page/3/index0cc0.html]
[7oroof.com/tfdemos/trevox/shop/index3187.html]
[7oroof.com/tfdemos/trevox/shop/index9f75.html]
[7oroof.com/tfdemos/trevox/shop/index0dcb.html]
[7oroof.com/tfdemos/trevox/shop/index6a92.html]
[7oroof.com/tfdemos/trevox/shop/index91d4.html]
[7oroof.com/tfdemos/trevox/shop/indexef5c.html]
[7oroof.com/tfdemos/trevox/shop/indexa9bb.html]
[7oroof.com/tfdemos/trevox/shop/index2c40.html]
[7oroof.com/tfdemos/trevox/shop/indexdebc.html]
[7oroof.com/tfdemos/trevox/shop/indexe6ac.html]
[7oroof.com/tfdemos/trevox/shop/indexce93.html]
[7oroof.com/tfdemos/trevox/shop/indexc390.html]
[7oroof.com/tfdemos/trevox/shop/index8742.html]
[7oroof.com/tfdemos/trevox/shop/indexeb3d.html]
[7oroof.com/tfdemos/trevox/shop/index6b93.html]
[7oroof.com/tfdemos/trevox/shop/index3eb4.html]
[7oroof.com/tfdemos/trevox/shop/indexa4db.html]
[7oroof.com/tfdemos/trevox/shop/indexab60.html]
[7oroof.com/tfdemos/trevox/shop/indexf349.html]
[7oroof.com/tfdemos/trevox/shop/index81c3.html]
[7oroof.com/tfdemos/trevox/shop/index4d82.html]
[7oroof.com/tfdemos/trevox/shop/index6aea.html]
[7oroof.com/tfdemos/trevox/shop/indexadcd.html]
[7oroof.com/tfdemos/trevox/shop/index9c52.html]
[7oroof.com/tfdemos/trevox/shop/indexfcff.html]
[7oroof.com/tfdemos/trevox/shop/index8e54.html]
[7oroof.com/tfdemos/trevox/shop/index8987.html]
[7oroof.com/tfdemos/trevox/shop/index6658.html]
[7oroof.com/tfdemos/trevox/shop/index42de.html]
[7oroof.com/tfdemos/trevox/shop/index6918.html]
[7oroof.com/tfdemos/trevox/shop/indexdd4e.html]
[7oroof.com/tfdemos/trevox/shop/index07b8.html]
[7oroof.com/tfdemos/trevox/shop/indexb467.html]
[7oroof.com/tfdemos/trevox/shop/index6f15.html]
[7oroof.com/tfdemos/trevox/shop/indexd01e.html]
[7oroof.com/tfdemos/trevox/shop/indexf9e5.html]
[7oroof.com/tfdemos/trevox/shop/index263b.html]
[7oroof.com/tfdemos/trevox/shop/index7016.html]
[7oroof.com/tfdemos/trevox/shop/index121c.html]
[7oroof.com/tfdemos/trevox/shop/index0cc0.html]
[7oroof.com/tfdemos/trevox/shop/indexa724.html]
[7oroof.com/tfdemos/trevox/shop/index336d.html]
[7oroof.com/tfdemos/trevox/shop/index1da6.html]
[7oroof.com/tfdemos/trevox/shop/index6c65.html]
[7oroof.com/tfdemos/trevox/shop/index993e.html]
[7oroof.com/tfdemos/trevox/shop/index56a9.html]
[7oroof.com/tfdemos/trevox/shop/indexdfc7.html]
[7oroof.com/tfdemos/trevox/shop/index8f93.html]
[7oroof.com/tfdemos/trevox/shop/indexd45b.html]
[7oroof.com/tfdemos/trevox/shop/index4727.html]
[7oroof.com/tfdemos/trevox/shop/index4b09.html]
[7oroof.com/tfdemos/trevox/shop/index56b3.html]
[7oroof.com/tfdemos/trevox/shop/indexe8b4.html]
[7oroof.com/tfdemos/trevox/shop/index6c19.html]
[7oroof.com/tfdemos/trevox/shop/index9b18.html]
[7oroof.com/tfdemos/trevox/shop/index2a99.html]
[7oroof.com/tfdemos/trevox/shop/index2649.html]
[7oroof.com/tfdemos/trevox/shop/indexb6cd.html]
[7oroof.com/tfdemos/trevox/shop/index794d.html]
[7oroof.com/tfdemos/trevox/shop/indexad41.html]
[7oroof.com/tfdemos/trevox/shop/index0c42.html]
[7oroof.com/tfdemos/trevox/shop/index502e.html]
[7oroof.com/tfdemos/trevox/shop/index1a85.html]
[7oroof.com/tfdemos/trevox/shop/indexbe64.html]
[7oroof.com/tfdemos/trevox/shop/indexf1f7.html]
[7oroof.com/tfdemos/trevox/shop/index700c.html]
[7oroof.com/tfdemos/trevox/shop/indexd693.html]
[7oroof.com/tfdemos/trevox/shop/indexe8f4.html]
[7oroof.com/tfdemos/trevox/shop/indexfe17.html]
[7oroof.com/tfdemos/trevox/shop/index3068.html]
[7oroof.com/tfdemos/trevox/shop/indexe64b.html]
[7oroof.com/tfdemos/trevox/shop/index357e.html]
[7oroof.com/tfdemos/trevox/shop/indexb133.html]
[7oroof.com/tfdemos/trevox/shop/indexd37d.html]
[7oroof.com/tfdemos/trevox/shop/index2c8c.html]
[7oroof.com/tfdemos/trevox/shop/indexa5c5.html]
[7oroof.com/tfdemos/trevox/shop/index7d43.html]
[7oroof.com/tfdemos/trevox/shop/indexa53a.html]
[7oroof.com/tfdemos/trevox/shop/indexf578.html]
[7oroof.com/tfdemos/trevox/shop/indexe2f1.html]
[7oroof.com/tfdemos/trevox/shop/index1ca6.html]
[7oroof.com/tfdemos/trevox/shop/index6675.html]
[7oroof.com/tfdemos/trevox/shop/index1ffa.html]
[7oroof.com/tfdemos/trevox/shop/indexb24d.html]
[7oroof.com/tfdemos/trevox/shop/indexd4de.html]
[7oroof.com/tfdemos/trevox/shop/index96ef.html]
[7oroof.com/tfdemos/trevox/shop/index4682.html]
[7oroof.com/tfdemos/trevox/shop/indexefd0.html]
[7oroof.com/tfdemos/trevox/shop/index0513.html]
[7oroof.com/tfdemos/trevox/shop/index1730.html]
[7oroof.com/tfdemos/trevox/shop/index50bc.html]
[7oroof.com/tfdemos/trevox/shop/indexf6b6.html]
[7oroof.com/tfdemos/trevox/shop/indexf758.html]
[7oroof.com/tfdemos/trevox/shop/index7e2b.html]
[7oroof.com/tfdemos/trevox/shop/indexace4.html]
[7oroof.com/tfdemos/trevox/shop/index5ce8.html]
[7oroof.com/tfdemos/trevox/shop/index1391.html]
[7oroof.com/tfdemos/trevox/shop/index61f4.html]
[7oroof.com/tfdemos/trevox/shop/indexd49c.html]
[7oroof.com/tfdemos/trevox/shop/indexb4b9.html]
[7oroof.com/tfdemos/trevox/shop/index5d00.html]
[7oroof.com/tfdemos/trevox/shop/index1d15.html]
[7oroof.com/tfdemos/trevox/shop/index51c9.html]
[7oroof.com/tfdemos/trevox/shop/index5713.html]
[7oroof.com/tfdemos/trevox/shop/index4dd4.html]
[7oroof.com/tfdemos/trevox/shop/index43ba.html]
[7oroof.com/tfdemos/trevox/shop/index1d9b.html]
[7oroof.com/tfdemos/trevox/shop/index2c88.html]
[7oroof.com/tfdemos/trevox/shop/index6b36.html]
[7oroof.com/tfdemos/trevox/shop/indexf62b.html]
[7oroof.com/tfdemos/trevox/shop/index9b0b.html]
[7oroof.com/tfdemos/trevox/shop/index2513.html]
[7oroof.com/tfdemos/trevox/shop/indexaab0.html]
[7oroof.com/tfdemos/trevox/shop/indexb286.html]
[7oroof.com/tfdemos/trevox/shop/indexf7e0.html]
[7oroof.com/tfdemos/trevox/shop/indexaaba.html]
[7oroof.com/tfdemos/trevox/shop/index2e9a.html]
[7oroof.com/tfdemos/trevox/shop/indexe9aa.html]
[7oroof.com/tfdemos/trevox/shop/index13d5.html]
[7oroof.com/tfdemos/trevox/shop/index8c83.html]
[7oroof.com/tfdemos/trevox/shop/indexcb27.html]
[7oroof.com/tfdemos/trevox/shop/index6d39.html]
[7oroof.com/tfdemos/trevox/shop/index9079.html]
[7oroof.com/tfdemos/trevox/shop/page/2/indexf7a9.html]
[7oroof.com/tfdemos/trevox/shop/indexe03f.html]
[7oroof.com/tfdemos/trevox/shop/indexd2d5.html]
[7oroof.com/tfdemos/trevox/shop/index180f.html]
[7oroof.com/tfdemos/trevox/shop/index4474.html]
[7oroof.com/tfdemos/trevox/shop/index6be2.html]
[7oroof.com/tfdemos/trevox/shop/indexc9fe.html]
[7oroof.com/tfdemos/trevox/shop/page/2/index8d6c.html]
[7oroof.com/tfdemos/trevox/shop/indexe8bd.html]
[7oroof.com/tfdemos/trevox/shop/index9863.html]
[7oroof.com/tfdemos/trevox/shop/index84c9.html]
[7oroof.com/tfdemos/trevox/shop/index4e1c.html]
[7oroof.com/tfdemos/trevox/shop/index3e27.html]
[7oroof.com/tfdemos/trevox/shop/page/2/indexfe00.html]
[7oroof.com/tfdemos/trevox/shop/index22e8.html]
[7oroof.com/tfdemos/trevox/shop/index4431.html]
[7oroof.com/tfdemos/trevox/shop/indexd6d4.html]
[7oroof.com/tfdemos/trevox/shop/index4b9c.html]
[7oroof.com/tfdemos/trevox/shop/page/2/indexd97f.html]
[7oroof.com/tfdemos/trevox/shop/indexdd83.html]
[7oroof.com/tfdemos/trevox/shop/indexe02a.html]
[7oroof.com/tfdemos/trevox/shop/index94a9.html]
[7oroof.com/tfdemos/trevox/shop/page/2/index3dee.html]
[7oroof.com/tfdemos/trevox/shop/index3709.html]
[7oroof.com/tfdemos/trevox/shop/indexf47c.html]
[7oroof.com/tfdemos/trevox/shop/page/2/indexf99c.html]
[7oroof.com/tfdemos/trevox/shop/indexa407.html]
[7oroof.com/tfdemos/trevox/shop/page/2/indexcfff.html]
[7oroof.com/tfdemos/trevox/shop/terms-conditions/indexc071.html]
[7oroof.com/tfdemos/trevox/shop/terms-conditions/indexf754.html]
[7oroof.com/tfdemos/trevox/shop/terms-conditions/index3969.html]
[7oroof.com/tfdemos/trevox/shop/terms-conditions/indexaf03.html]
[7oroof.com/tfdemos/trevox/shop/terms-conditions/index700a.html]
[7oroof.com/tfdemos/trevox/shop/terms-conditions/index07a6.html]
[7oroof.com/tfdemos/trevox/shop/terms-conditions/indexf4d9.html]
[7oroof.com/tfdemos/trevox/shop/terms-conditions/indexee06.html]
[7oroof.com/tfdemos/trevox/shop/terms-conditions/index16dc.html]
[7oroof.com/tfdemos/trevox/shop/terms-conditions/index4697.html]
[7oroof.com/tfdemos/trevox/shop/terms-conditions/index84f3.html]
[7oroof.com/tfdemos/trevox/shop/privacy-policies/indexc071.html]
[7oroof.com/tfdemos/trevox/shop/privacy-policies/indexf754.html]
[7oroof.com/tfdemos/trevox/shop/privacy-policies/index3969.html]
[7oroof.com/tfdemos/trevox/shop/privacy-policies/indexaf03.html]
[7oroof.com/tfdemos/trevox/shop/privacy-policies/index700a.html]
[7oroof.com/tfdemos/trevox/shop/privacy-policies/index07a6.html]
[7oroof.com/tfdemos/trevox/shop/privacy-policies/indexf4d9.html]
[7oroof.com/tfdemos/trevox/shop/privacy-policies/indexee06.html]
[7oroof.com/tfdemos/trevox/shop/privacy-policies/index16dc.html]
[7oroof.com/tfdemos/trevox/shop/privacy-policies/index4697.html]
[7oroof.com/tfdemos/trevox/shop/privacy-policies/index84f3.html]
[7oroof.com/tfdemos/trevox/wp-content/plugins/woocommerce-currency-switcher/img/woocs_price_info_icon.png]
[7oroof.com/tfdemos/trevox/shop/cart/indexceaa.html]
[7oroof.com/tfdemos/trevox/shop/cart/index6e24.html]
